>>> mk_11 hyperband sweep — Option C

    components: ['mk_2', 'mk_6', 'mk_7', 'mk_9_53', 'mk_MEMM']
    val examples: 10,546

>>> individual val F1 per component:
    mk_2       val F1 = 0.9252
    mk_6       val F1 = 0.9289
    mk_7       val F1 = 0.9088
    mk_9_53    val F1 = 0.9278
    mk_MEMM    val F1 = 0.7252

>>> sampling 5,000 random 5-tuples from Dirichlet(1,...,1) ...

================================================================================
=== Stage 0: 5,000 tuples × 1,000 val
================================================================================
    [  500/5000 ] best=0.9316 (1657 eval/s, ETA 3s)
    [ 1000/5000 ] best=0.9316 (1653 eval/s, ETA 2s)
    [ 1500/5000 ] best=0.9316 (1655 eval/s, ETA 2s)
    [ 2000/5000 ] best=0.9316 (1648 eval/s, ETA 2s)
    [ 2500/5000 ] best=0.9316 (1636 eval/s, ETA 2s)
    [ 3000/5000 ] best=0.9316 (1636 eval/s, ETA 1s)
    [ 3500/5000 ] best=0.9316 (1636 eval/s, ETA 1s)
    [ 4000/5000 ] best=0.9316 (1632 eval/s, ETA 1s)
    [ 4500/5000 ] best=0.9316 (1635 eval/s, ETA 0s)
    [ 5000/5000 ] best=0.9316 (1634 eval/s, ETA 0s)
    stage took 3.1s

    Top-5 this stage:
        mk_2     mk_6     mk_7  mk_9_53  mk_MEMM        F1
       0.068    0.294    0.097    0.497    0.044    0.9316
       0.166    0.338    0.001    0.422    0.073    0.9316
       0.055    0.350    0.045    0.435    0.115    0.9316
       0.148    0.311    0.013    0.431    0.096    0.9316
       0.040    0.285    0.050    0.533    0.092    0.9316

================================================================================
=== Stage 1: 1,500 tuples × 3,000 val
================================================================================
    [  150/1500 ] best=0.9421 (1417 eval/s, ETA 1s)
    [  300/1500 ] best=0.9421 (1452 eval/s, ETA 1s)
    [  450/1500 ] best=0.9423 (1457 eval/s, ETA 1s)
    [  600/1500 ] best=0.9423 (1456 eval/s, ETA 1s)
    [  750/1500 ] best=0.9423 (1433 eval/s, ETA 1s)
    [  900/1500 ] best=0.9423 (1436 eval/s, ETA 0s)
    [ 1050/1500 ] best=0.9423 (1439 eval/s, ETA 0s)
    [ 1200/1500 ] best=0.9424 (1439 eval/s, ETA 0s)
    [ 1350/1500 ] best=0.9424 (1441 eval/s, ETA 0s)
    [ 1500/1500 ] best=0.9424 (1430 eval/s, ETA 0s)
    stage took 1.0s

    Top-5 this stage:
        mk_2     mk_6     mk_7  mk_9_53  mk_MEMM        F1
       0.547    0.014    0.205    0.233    0.002    0.9424
       0.235    0.030    0.176    0.557    0.002    0.9423
       0.148    0.311    0.013    0.431    0.096    0.9421
       0.330    0.019    0.055    0.533    0.064    0.9420
       0.243    0.086    0.074    0.555    0.042    0.9420

================================================================================
=== Stage 2: 400 tuples × 7,000 val
================================================================================
    [   40/400  ] best=0.9282 (1159 eval/s, ETA 0s)
    [   80/400  ] best=0.9282 (1146 eval/s, ETA 0s)
    [  120/400  ] best=0.9282 (1145 eval/s, ETA 0s)
    [  160/400  ] best=0.9282 (1131 eval/s, ETA 0s)
    [  200/400  ] best=0.9282 (1137 eval/s, ETA 0s)
    [  240/400  ] best=0.9282 (1139 eval/s, ETA 0s)
    [  280/400  ] best=0.9282 (1144 eval/s, ETA 0s)
    [  320/400  ] best=0.9282 (1146 eval/s, ETA 0s)
    [  360/400  ] best=0.9282 (1146 eval/s, ETA 0s)
    [  400/400  ] best=0.9282 (1149 eval/s, ETA 0s)
    stage took 0.3s

    Top-5 this stage:
        mk_2     mk_6     mk_7  mk_9_53  mk_MEMM        F1
       0.174    0.283    0.116    0.395    0.031    0.9282
       0.162    0.267    0.126    0.409    0.037    0.9281
       0.194    0.328    0.113    0.350    0.015    0.9280
       0.218    0.268    0.131    0.358    0.026    0.9279
       0.200    0.233    0.114    0.432    0.020    0.9278

================================================================================
=== Stage 3: 100 tuples × 10,546 val
================================================================================
    [   10/100  ] best=0.9323 (994 eval/s, ETA 0s)
    [   20/100  ] best=0.9323 (1003 eval/s, ETA 0s)
    [   30/100  ] best=0.9323 (991 eval/s, ETA 0s)
    [   40/100  ] best=0.9323 (993 eval/s, ETA 0s)
    [   50/100  ] best=0.9323 (995 eval/s, ETA 0s)
    [   60/100  ] best=0.9323 (999 eval/s, ETA 0s)
    [   70/100  ] best=0.9323 (999 eval/s, ETA 0s)
    [   80/100  ] best=0.9323 (995 eval/s, ETA 0s)
    [   90/100  ] best=0.9323 (996 eval/s, ETA 0s)
    [  100/100  ] best=0.9323 (994 eval/s, ETA 0s)
    stage took 0.1s

    Top-5 this stage:
        mk_2     mk_6     mk_7  mk_9_53  mk_MEMM        F1
       0.280    0.269    0.022    0.400    0.028    0.9323
       0.174    0.283    0.116    0.395    0.031    0.9322
       0.162    0.267    0.126    0.409    0.037    0.9322
       0.130    0.291    0.118    0.434    0.027    0.9321
       0.192    0.304    0.070    0.413    0.020    0.9320

================================================================================
=== FINAL — Option C winner ===
================================================================================
  total elapsed: 4.6s
  weights:
    mk_2      : 0.2803
    mk_6      : 0.2693
    mk_7      : 0.0223
    mk_9_53   : 0.3998
    mk_MEMM   : 0.0283
  full val F1: 0.9323

>>> wrote /app/mk_11/experiments/11_3_sweep/results/sweep_option_c_summary.json
