>>> mk_11 hyperband sweep — Option A

    components: ['mk_2', 'mk_6', 'mk_7', 'mk_9_53']
    val examples: 10,546

>>> individual val F1 per component:
    mk_2       val F1 = 0.9197
    mk_6       val F1 = 0.9295
    mk_7       val F1 = 0.8978
    mk_9_53    val F1 = 0.9207

>>> sampling 5,000 random 4-tuples from Dirichlet(1,...,1) ...

================================================================================
=== Stage 0: 5,000 tuples × 1,000 val
================================================================================
    [  500/5000 ] best=0.9470 (1744 eval/s, ETA 3s)
    [ 1000/5000 ] best=0.9470 (1728 eval/s, ETA 2s)
    [ 1500/5000 ] best=0.9470 (1701 eval/s, ETA 2s)
    [ 2000/5000 ] best=0.9473 (1698 eval/s, ETA 2s)
    [ 2500/5000 ] best=0.9473 (1686 eval/s, ETA 1s)
    [ 3000/5000 ] best=0.9473 (1692 eval/s, ETA 1s)
    [ 3500/5000 ] best=0.9473 (1672 eval/s, ETA 1s)
    [ 4000/5000 ] best=0.9473 (1658 eval/s, ETA 1s)
    [ 4500/5000 ] best=0.9473 (1653 eval/s, ETA 0s)
    [ 5000/5000 ] best=0.9473 (1644 eval/s, ETA 0s)
    stage took 3.0s

    Top-5 this stage:
        mk_2     mk_6     mk_7  mk_9_53        F1
       0.144    0.302    0.024    0.529    0.9473
       0.179    0.313    0.005    0.502    0.9473
       0.152    0.570    0.094    0.184    0.9473
       0.028    0.622    0.025    0.325    0.9471
       0.004    0.629    0.018    0.349    0.9471

================================================================================
=== Stage 1: 1,500 tuples × 3,000 val
================================================================================
    [  150/1500 ] best=0.9466 (1495 eval/s, ETA 1s)
    [  300/1500 ] best=0.9467 (1488 eval/s, ETA 1s)
    [  450/1500 ] best=0.9467 (1488 eval/s, ETA 1s)
    [  600/1500 ] best=0.9467 (1482 eval/s, ETA 1s)
    [  750/1500 ] best=0.9467 (1483 eval/s, ETA 1s)
    [  900/1500 ] best=0.9467 (1489 eval/s, ETA 0s)
    [ 1050/1500 ] best=0.9467 (1486 eval/s, ETA 0s)
    [ 1200/1500 ] best=0.9467 (1483 eval/s, ETA 0s)
    [ 1350/1500 ] best=0.9467 (1482 eval/s, ETA 0s)
    [ 1500/1500 ] best=0.9467 (1328 eval/s, ETA 0s)
    stage took 1.1s

    Top-5 this stage:
        mk_2     mk_6     mk_7  mk_9_53        F1
       0.200    0.530    0.206    0.064    0.9467
       0.199    0.496    0.242    0.064    0.9467
       0.167    0.527    0.178    0.128    0.9466
       0.193    0.333    0.249    0.225    0.9466
       0.196    0.524    0.224    0.056    0.9466

================================================================================
=== Stage 2: 400 tuples × 7,000 val
================================================================================
    [   40/400  ] best=0.9324 (1177 eval/s, ETA 0s)
    [   80/400  ] best=0.9325 (1188 eval/s, ETA 0s)
    [  120/400  ] best=0.9325 (1178 eval/s, ETA 0s)
    [  160/400  ] best=0.9326 (1172 eval/s, ETA 0s)
    [  200/400  ] best=0.9326 (1162 eval/s, ETA 0s)
    [  240/400  ] best=0.9326 (1163 eval/s, ETA 0s)
    [  280/400  ] best=0.9326 (1165 eval/s, ETA 0s)
    [  320/400  ] best=0.9326 (1159 eval/s, ETA 0s)
    [  360/400  ] best=0.9326 (1157 eval/s, ETA 0s)
    [  400/400  ] best=0.9326 (1151 eval/s, ETA 0s)
    stage took 0.3s

    Top-5 this stage:
        mk_2     mk_6     mk_7  mk_9_53        F1
       0.002    0.537    0.257    0.204    0.9326
       0.126    0.561    0.183    0.130    0.9325
       0.078    0.496    0.294    0.132    0.9325
       0.190    0.504    0.238    0.067    0.9324
       0.155    0.485    0.290    0.069    0.9324

================================================================================
=== Stage 3: 100 tuples × 10,546 val
================================================================================
    [   10/100  ] best=0.9340 (985 eval/s, ETA 0s)
    [   20/100  ] best=0.9340 (983 eval/s, ETA 0s)
    [   30/100  ] best=0.9340 (984 eval/s, ETA 0s)
    [   40/100  ] best=0.9340 (982 eval/s, ETA 0s)
    [   50/100  ] best=0.9340 (974 eval/s, ETA 0s)
    [   60/100  ] best=0.9340 (977 eval/s, ETA 0s)
    [   70/100  ] best=0.9340 (980 eval/s, ETA 0s)
    [   80/100  ] best=0.9340 (984 eval/s, ETA 0s)
    [   90/100  ] best=0.9340 (978 eval/s, ETA 0s)
    [  100/100  ] best=0.9340 (977 eval/s, ETA 0s)
    stage took 0.1s

    Top-5 this stage:
        mk_2     mk_6     mk_7  mk_9_53        F1
       0.002    0.537    0.257    0.204    0.9340
       0.018    0.391    0.336    0.255    0.9339
       0.129    0.520    0.258    0.093    0.9339
       0.196    0.524    0.224    0.056    0.9339
       0.028    0.560    0.201    0.211    0.9339

================================================================================
=== FINAL — Option A winner ===
================================================================================
  total elapsed: 4.6s
  weights:
    mk_2      : 0.0021
    mk_6      : 0.5371
    mk_7      : 0.2570
    mk_9_53   : 0.2038
  full val F1: 0.9340

>>> wrote /app/mk_11/experiments/11_3_sweep/results/sweep_option_a_summary.json
