>>> Stage 1e: apply rescue model to test, write Kaggle submission

>>> loaded rescue model: M5_GB_multi_t0.65
    target mode:   multi
    threshold:     0.65
    val F1 lift:   +0.1669
    val flips:     391
    hit rate:      90.5%

>>> ensemble weights: mk_2=0.0462 mk_6=0.4919 mk_7=0.2000 mk_9_53=0.2619
>>> loading test component probas + computing ensemble ...
    test predictions: 17,580
>>> loaded /app/mk_6d_4/results/boundary_test_features_v2.csv  shape=(8633, 45)
    test boundary feature matrix: (8633, 40)

>>> n flipped on test: 460 of 8,633 boundary cases (5.3%)

>>> wrote /app/mk_6d_4/submissions/mk_6d_4_baseline_no_rescue.csv  (sanity; should match Kaggle 0.93309)
>>> wrote /app/mk_6d_4/submissions/mk_6d_4_rescue.csv  (submit this)

    baseline label distribution:  {0: 8073, 1: 4857, 2: 4650}
    rescued label distribution:   {0: 8058, 1: 4960, 2: 4562}
    deltas:                       {0: -15, 1: 103, 2: -88}

==========================================================================================
=== Final summary ===
==========================================================================================
  Current Kaggle best (mk_6d_weight_swept): 0.93309
  Val F1 lift from rescue:                  +0.1669
  Realistic Kaggle prediction:
    Optimism factor 50%:  Kaggle ≈ 0.93309 + +0.0835 = 1.0166
    Optimism factor 30%:  Kaggle ≈ 0.93309 + +0.1168 = 1.0499

    Submit: mk_6d_4_rescue.csv
