WARNING: Running pip as the 'root' user can result in broken permissions and conflicting behaviour with the system package manager, possibly rendering your system unusable. It is recommended to use a virtual environment instead: https://pip.pypa.io/warnings/venv. Use the --root-user-action option if you know what you are doing and want to suppress this warning.

[notice] A new release of pip is available: 25.2 -> 26.1
[notice] To update, run: pip install --upgrade pip
>>> spaCy not found; installing (one-time, ~30-60 sec) ...
WARNING: Running pip as the 'root' user can result in broken permissions and conflicting behaviour with the system package manager, possibly rendering your system unusable. It is recommended to use a virtual environment instead: https://pip.pypa.io/warnings/venv. Use the --root-user-action option if you know what you are doing and want to suppress this warning.

[notice] A new release of pip is available: 25.2 -> 26.1
[notice] To update, run: pip install --upgrade pip
>>> spaCy model 'en_core_web_sm' not found; downloading ...
WARNING: Running pip as the 'root' user can result in broken permissions and conflicting behaviour with the system package manager, possibly rendering your system unusable. It is recommended to use a virtual environment instead: https://pip.pypa.io/warnings/venv. Use the --root-user-action option if you know what you are doing and want to suppress this warning.

[notice] A new release of pip is available: 25.2 -> 26.1
[notice] To update, run: pip install --upgrade pip
[38;5;2m✔ Download and installation successful[0m
You can now load the package via spacy.load('en_core_web_sm')
    spaCy + model ready
>>> loading data ...
    train=59,759  val=10,546

>>> parsing corpora with spaCy (cached) ...
    train: loaded 59,759 parsed docs from cache (parsed_train.pkl)
    val: loaded 10,546 parsed docs from cache (parsed_val.pkl)

>>> applying regex negation (held fixed) ...
    regex prep: 3.2s

>>> V1_control: triples=False, paths=False ...
    fit: 40.4s  F1=0.9249  ECE=0.0101  n_feats=150,000  flips=427

>>> V2_triples: triples=True, paths=False ...
    fit: 69.8s  F1=0.9227  ECE=0.0114  n_feats=200,000  flips=435

>>> V3_sentiment_paths: triples=False, paths=True ...
    fit: 73.3s  F1=0.9164  ECE=0.0111  n_feats=170,000  flips=484

>>> V4_triples_and_paths: triples=True, paths=True ...
    fit: 80.4s  F1=0.9183  ECE=0.0158  n_feats=220,000  flips=467

>>> wrote /app/mk_10/experiments/10b_dep_features/results/variants.json

==============================================================================================================
=== Stage 1b — Dependency feature variants ===
==============================================================================================================
metric                              V1_control              V2_triples      V3_sentiment_paths    V4_triples_and_paths
----------------------------------------------------------------------------------------------------------------------
f1_macro                                0.9249                  0.9227                  0.9164                  0.9183  
ECE                                     0.0101                  0.0114                  0.0111                  0.0158  
AUROC_U                                 0.8963                  0.9006                  0.8984                  0.9007  
H_epistemic                             0.0574                  0.0566                  0.0623                  0.0562  
H_high_sigma                            0.4945                  0.4957                  0.5236                  0.4915  
n_features                              150000                  200000                  170000                  220000  
sentiment_flips_1_2                        427                     435                     484                     467  
----------------------------------------------------------------------------------------------------------------------
Class 0 F1                              0.9725                  0.9712                  0.9705                  0.9706  
Class 1 F1                              0.8954                  0.8930                  0.8829                  0.8864  
Class 2 F1                              0.9067                  0.9038                  0.8957                  0.8979  

>>> wrote /app/mk_10/experiments/10b_dep_features/results/comparison_table.txt

=== Decision ===
  V2_triples: F1 0.9227 (Δ-0.0022) — HURT, drop
  V3_sentiment_paths: F1 0.9164 (Δ-0.0085) — HURT, drop
  V4_triples_and_paths: F1 0.9183 (Δ-0.0066) — HURT, drop

  ==> no dep-feature combo cleared the +0.001 bar; Stage 2 sweep optional, low expected value
