>>> spaCy not found; installing (one-time, ~30-60 sec) ...
WARNING: Running pip as the 'root' user can result in broken permissions and conflicting behaviour with the system package manager, possibly rendering your system unusable. It is recommended to use a virtual environment instead: https://pip.pypa.io/warnings/venv. Use the --root-user-action option if you know what you are doing and want to suppress this warning.

[notice] A new release of pip is available: 25.2 -> 26.1
[notice] To update, run: pip install --upgrade pip
>>> spaCy model 'en_core_web_sm' not found; downloading ...
WARNING: Running pip as the 'root' user can result in broken permissions and conflicting behaviour with the system package manager, possibly rendering your system unusable. It is recommended to use a virtual environment instead: https://pip.pypa.io/warnings/venv. Use the --root-user-action option if you know what you are doing and want to suppress this warning.

[notice] A new release of pip is available: 25.2 -> 26.1
[notice] To update, run: pip install --upgrade pip
[38;5;2m✔ Download and installation successful[0m
You can now load the package via spacy.load('en_core_web_sm')
    spaCy + model ready
>>> loading data ...
    train=59,759  val=10,546

>>> parsing corpora with spaCy (cached) ...
    train: parsing 59,759 docs with spaCy ...
    train: parsed in 661.6s
    train: cached to parsed_train.pkl
    val: parsing 10,546 docs with spaCy ...
    val: parsed in 85.3s
    val: cached to parsed_val.pkl

>>> V1: regex negation (mk_5/mk_6 baseline) ...
    regex prep: 2.9s
    fit: 28.4s  F1=0.9249  ECE=0.0101  flips=427

>>> V2: dependency negation (scope = subtree) ...
    dep prep: 7.4s
    fit: 41.6s  F1=0.9224  ECE=0.0077  flips=430

>>> wrote /app/mk_10/experiments/10a_dep_negation/results/variants.json

====================================================================================================
=== Stage 1a — Negation method comparison ===
====================================================================================================
metric                       V1: regex   V2: dep_subtree     Δ (V2 - V1)
------------------------------------------------------------------------
f1_macro                        0.9249            0.9224         -0.0025
ECE                             0.0101            0.0077         -0.0024
AUROC_U                         0.8963            0.8961         -0.0001
H_epistemic                     0.0574            0.0625         +0.0051
H_high_sigma                    0.4945            0.5253         +0.0307
sentiment_flips_1_2                427               430              +3
------------------------------------------------------------------------
Class 0 F1                      0.9725            0.9703         -0.0022
Class 1 F1                      0.8954            0.8922         -0.0032
Class 2 F1                      0.9067            0.9048         -0.0019

>>> wrote /app/mk_10/experiments/10a_dep_negation/results/comparison_table.txt

=== Decision ===
  Dep negation HURT F1 by -0.0025 — drop, regex negation wins
